Test project D:/pdf/pdf-litems/build-rel
    Start 111: TestThumbnailOffGui
1/3 Test #111: TestThumbnailOffGui ..............   Passed    1.46 sec
    Start 152: TestViewingModes
2/3 Test #152: TestViewingModes .................   Passed    0.55 sec
    Start 182: TestPersistenceOutcomes
3/3 Test #182: TestPersistenceOutcomes ..........   Passed    1.09 sec

100% tests passed, 0 tests failed out of 3

Label Time Summary:
eyecare        =   0.55 sec*proc (1 test)
headless       =   3.10 sec*proc (3 tests)
identity       =   1.09 sec*proc (1 test)
integration    =   1.09 sec*proc (1 test)
nightmode      =   0.55 sec*proc (1 test)
persistence    =   1.09 sec*proc (1 test)
qt             =   3.10 sec*proc (3 tests)
regression     =   2.01 sec*proc (2 tests)
session        =   1.09 sec*proc (1 test)
threads        =   1.46 sec*proc (1 test)
thumbnails     =   1.46 sec*proc (1 test)
unit           =   3.10 sec*proc (3 tests)
viewing        =   2.01 sec*proc (2 tests)

Total Test time (real) =   3.11 sec
