Test project D:/pdf/pdf-litems/build-rel
    Start 111: TestThumbnailOffGui
1/3 Test #111: TestThumbnailOffGui ..............   Passed    1.41 sec
    Start 152: TestViewingModes
2/3 Test #152: TestViewingModes .................   Passed    0.48 sec
    Start 182: TestPersistenceOutcomes
3/3 Test #182: TestPersistenceOutcomes ..........   Passed    1.12 sec

100% tests passed, 0 tests failed out of 3

Label Time Summary:
eyecare        =   0.48 sec*proc (1 test)
headless       =   3.00 sec*proc (3 tests)
identity       =   1.12 sec*proc (1 test)
integration    =   1.12 sec*proc (1 test)
nightmode      =   0.48 sec*proc (1 test)
persistence    =   1.12 sec*proc (1 test)
qt             =   3.00 sec*proc (3 tests)
regression     =   1.89 sec*proc (2 tests)
session        =   1.12 sec*proc (1 test)
threads        =   1.41 sec*proc (1 test)
thumbnails     =   1.41 sec*proc (1 test)
unit           =   3.00 sec*proc (3 tests)
viewing        =   1.89 sec*proc (2 tests)

Total Test time (real) =   3.01 sec
