Test project D:/pdf/pdf-litems/build-rel
    Start 111: TestThumbnailOffGui
1/3 Test #111: TestThumbnailOffGui ..............   Passed    1.92 sec
    Start 152: TestViewingModes
2/3 Test #152: TestViewingModes .................   Passed    0.65 sec
    Start 182: TestPersistenceOutcomes
3/3 Test #182: TestPersistenceOutcomes ..........   Passed    1.68 sec

100% tests passed, 0 tests failed out of 3

Label Time Summary:
eyecare        =   0.65 sec*proc (1 test)
headless       =   4.25 sec*proc (3 tests)
identity       =   1.68 sec*proc (1 test)
integration    =   1.68 sec*proc (1 test)
nightmode      =   0.65 sec*proc (1 test)
persistence    =   1.68 sec*proc (1 test)
qt             =   4.25 sec*proc (3 tests)
regression     =   2.57 sec*proc (2 tests)
session        =   1.68 sec*proc (1 test)
threads        =   1.92 sec*proc (1 test)
thumbnails     =   1.92 sec*proc (1 test)
unit           =   4.25 sec*proc (3 tests)
viewing        =   2.57 sec*proc (2 tests)

Total Test time (real) =   4.29 sec
