Test project D:/pdf/pdf-w2b-fdf/build-rel
    Start  39: TestControllers
1/4 Test  #39: TestControllers ..................   Passed   16.95 sec
    Start  56: TestFormBuilder
2/4 Test  #56: TestFormBuilder ..................   Passed    0.51 sec
    Start 105: TestFillFormLock
3/4 Test #105: TestFillFormLock .................   Passed    0.19 sec
    Start 172: TestPersistenceOutcomes
4/4 Test #172: TestPersistenceOutcomes ..........   Passed    1.45 sec

100% tests passed, 0 tests failed out of 4

Label Time Summary:
builder        =   0.51 sec*proc (1 test)
controllers    =  16.95 sec*proc (1 test)
form-fields    =   0.70 sec*proc (2 tests)
forms          =   0.70 sec*proc (2 tests)
headless       =  19.10 sec*proc (4 tests)
identity       =   1.45 sec*proc (1 test)
integration    =   1.45 sec*proc (1 test)
persistence    =   1.64 sec*proc (2 tests)
qt             =  19.10 sec*proc (4 tests)
session        =   1.45 sec*proc (1 test)
ui             =  16.95 sec*proc (1 test)
unit           =  19.10 sec*proc (4 tests)

Total Test time (real) =  19.11 sec
