Test project D:/pdf/pdf-w2b-fdf/build-rel
    Start 106: TestFillFormNoOp
1/1 Test #106: TestFillFormNoOp .................***Failed    0.46 sec
********* Start testing of TestFillFormNoOp *********
Config: Using QtTest library 6.11.0, Qt 6.11.0 (x86_64-little_endian-llp64 shared (dynamic) release build; by GCC 16.1.0), windows 11
PASS   : TestFillFormNoOp::initTestCase()
QDEBUG : TestFillFormNoOp::unknownFieldNameIsReported() Added text field "known" on page 0
QDEBUG : TestFillFormNoOp::unknownFieldNameIsReported() Filling form data at: "D:/pdf/pdf-w2b-fdf/build-rel/test-tmp/TestFillFormNoOp/TestFillFormNoOp-UFclld/noop.pdf"
PASS   : TestFillFormNoOp::unknownFieldNameIsReported()
QDEBUG : TestFillFormNoOp::truncatedFdfIsRefused() Added text field "known" on page 0
QDEBUG : TestFillFormNoOp::truncatedFdfIsRefused() Importing form data from "D:/pdf/pdf-w2b-fdf/build-rel/test-tmp/TestFillFormNoOp/TestFillFormNoOp-wzRLAr/cut.fdf" into "D:/pdf/pdf-w2b-fdf/build-rel/test-tmp/TestFillFormNoOp/TestFillFormNoOp-wzRLAr/form.pdf" saving to "D:/pdf/pdf-w2b-fdf/build-rel/test-tmp/TestFillFormNoOp/TestFillFormNoOp-wzRLAr/out.pdf"
QDEBUG : TestFillFormNoOp::truncatedFdfIsRefused() Filling form data at: "D:/pdf/pdf-w2b-fdf/build-rel/test-tmp/TestFillFormNoOp/TestFillFormNoOp-wzRLAr/out.pdf"
FAIL!  : TestFillFormNoOp::truncatedFdfIsRefused() '!fm.importFormData(pdf, data, out, &unsupported, nullptr, &err)' returned FALSE. (a truncated FDF must be refused, not silently imported)
D:/pdf/pdf-w2b-fdf/tests/TestFillFormNoOp.cpp(129) : failure location
QDEBUG : TestFillFormNoOp::unterminatedFdfStringIsRefused() Added text field "known" on page 0
QDEBUG : TestFillFormNoOp::unterminatedFdfStringIsRefused() Importing form data from "D:/pdf/pdf-w2b-fdf/build-rel/test-tmp/TestFillFormNoOp/TestFillFormNoOp-YpuuaO/unterm.fdf" into "D:/pdf/pdf-w2b-fdf/build-rel/test-tmp/TestFillFormNoOp/TestFillFormNoOp-YpuuaO/form.pdf" saving to "D:/pdf/pdf-w2b-fdf/build-rel/test-tmp/TestFillFormNoOp/TestFillFormNoOp-YpuuaO/out.pdf"
QDEBUG : TestFillFormNoOp::unterminatedFdfStringIsRefused() Filling form data at: "D:/pdf/pdf-w2b-fdf/build-rel/test-tmp/TestFillFormNoOp/TestFillFormNoOp-YpuuaO/out.pdf"
FAIL!  : TestFillFormNoOp::unterminatedFdfStringIsRefused() '!fm.importFormData(pdf, data, out, nullptr, nullptr, &err)' returned FALSE. (an FDF string open at EOF must be refused)
D:/pdf/pdf-w2b-fdf/tests/TestFillFormNoOp.cpp(152) : failure location
QDEBUG : TestFillFormNoOp::overLargeFieldCountIsRefused() Added text field "known" on page 0
QDEBUG : TestFillFormNoOp::overLargeFieldCountIsRefused() Importing form data from "D:/pdf/pdf-w2b-fdf/build-rel/test-tmp/TestFillFormNoOp/TestFillFormNoOp-PNVJpa/many.fdf" into "D:/pdf/pdf-w2b-fdf/build-rel/test-tmp/TestFillFormNoOp/TestFillFormNoOp-PNVJpa/form.pdf" saving to "D:/pdf/pdf-w2b-fdf/build-rel/test-tmp/TestFillFormNoOp/TestFillFormNoOp-PNVJpa/out.pdf"
QDEBUG : TestFillFormNoOp::overLargeFieldCountIsRefused() Filling form data at: "D:/pdf/pdf-w2b-fdf/build-rel/test-tmp/TestFillFormNoOp/TestFillFormNoOp-PNVJpa/out.pdf"
FAIL!  : TestFillFormNoOp::overLargeFieldCountIsRefused() '!fm.importFormData(pdf, data, out, nullptr, nullptr, &err)' returned FALSE. (an FDF over the field-count cap must be refused)
D:/pdf/pdf-w2b-fdf/tests/TestFillFormNoOp.cpp(176) : failure location
QDEBUG : TestFillFormNoOp::overLargeValueIsRefused() Added text field "known" on page 0
QDEBUG : TestFillFormNoOp::overLargeValueIsRefused() Importing form data from "D:/pdf/pdf-w2b-fdf/build-rel/test-tmp/TestFillFormNoOp/TestFillFormNoOp-qDnmrX/big.fdf" into "D:/pdf/pdf-w2b-fdf/build-rel/test-tmp/TestFillFormNoOp/TestFillFormNoOp-qDnmrX/form.pdf" saving to "D:/pdf/pdf-w2b-fdf/build-rel/test-tmp/TestFillFormNoOp/TestFillFormNoOp-qDnmrX/out.pdf"
QDEBUG : TestFillFormNoOp::overLargeValueIsRefused() Filling form data at: "D:/pdf/pdf-w2b-fdf/build-rel/test-tmp/TestFillFormNoOp/TestFillFormNoOp-qDnmrX/out.pdf"
FAIL!  : TestFillFormNoOp::overLargeValueIsRefused() '!fm.importFormData(pdf, data, out, nullptr, nullptr, &err)' returned FALSE. (a value over the per-string cap must be refused)
D:/pdf/pdf-w2b-fdf/tests/TestFillFormNoOp.cpp(199) : failure location
QDEBUG : TestFillFormNoOp::oversizedInputFileIsRefused() Added text field "known" on page 0
QDEBUG : TestFillFormNoOp::oversizedInputFileIsRefused() Importing form data from "D:/pdf/pdf-w2b-fdf/build-rel/test-tmp/TestFillFormNoOp/TestFillFormNoOp-OTvKuO/huge.fdf" into "D:/pdf/pdf-w2b-fdf/build-rel/test-tmp/TestFillFormNoOp/TestFillFormNoOp-OTvKuO/form.pdf" saving to "D:/pdf/pdf-w2b-fdf/build-rel/test-tmp/TestFillFormNoOp/TestFillFormNoOp-OTvKuO/out.pdf"
QWARN  : TestFillFormNoOp::oversizedInputFileIsRefused() Form data import refused: "The form data file is too large to import (limit is 16 MB) and was not imported." | "D:/pdf/pdf-w2b-fdf/build-rel/test-tmp/TestFillFormNoOp/TestFillFormNoOp-OTvKuO/huge.fdf: 16777226 bytes > 16777216 byte cap"
PASS   : TestFillFormNoOp::oversizedInputFileIsRefused()
QDEBUG : TestFillFormNoOp::nonUtf8BytesAreRefused() Added text field "known" on page 0
QDEBUG : TestFillFormNoOp::nonUtf8BytesAreRefused() Importing form data from "D:/pdf/pdf-w2b-fdf/build-rel/test-tmp/TestFillFormNoOp/TestFillFormNoOp-ONrTjx/latin1.fdf" into "D:/pdf/pdf-w2b-fdf/build-rel/test-tmp/TestFillFormNoOp/TestFillFormNoOp-ONrTjx/form.pdf" saving to "D:/pdf/pdf-w2b-fdf/build-rel/test-tmp/TestFillFormNoOp/TestFillFormNoOp-ONrTjx/out.pdf"
QDEBUG : TestFillFormNoOp::nonUtf8BytesAreRefused() Filling form data at: "D:/pdf/pdf-w2b-fdf/build-rel/test-tmp/TestFillFormNoOp/TestFillFormNoOp-ONrTjx/out.pdf"
FAIL!  : TestFillFormNoOp::nonUtf8BytesAreRefused() '!fm.importFormData(pdf, data, out, nullptr, nullptr, &err)' returned FALSE. (a data file that is not valid UTF-8 must be refused)
D:/pdf/pdf-w2b-fdf/tests/TestFillFormNoOp.cpp(244) : failure location
QDEBUG : TestFillFormNoOp::emptyAndWhitespaceOnlyInputIsRefused() Added text field "known" on page 0
QDEBUG : TestFillFormNoOp::emptyAndWhitespaceOnlyInputIsRefused() Importing form data from "D:/pdf/pdf-w2b-fdf/build-rel/test-tmp/TestFillFormNoOp/TestFillFormNoOp-cRehMW/empty.csv" into "D:/pdf/pdf-w2b-fdf/build-rel/test-tmp/TestFillFormNoOp/TestFillFormNoOp-cRehMW/form.pdf" saving to "D:/pdf/pdf-w2b-fdf/build-rel/test-tmp/TestFillFormNoOp/TestFillFormNoOp-cRehMW/out.pdf"
QDEBUG : TestFillFormNoOp::emptyAndWhitespaceOnlyInputIsRefused() Filling form data at: "D:/pdf/pdf-w2b-fdf/build-rel/test-tmp/TestFillFormNoOp/TestFillFormNoOp-cRehMW/out.pdf"
FAIL!  : TestFillFormNoOp::emptyAndWhitespaceOnlyInputIsRefused() '!fm.importFormData(pdf, empty, out, nullptr, nullptr, &err)' returned FALSE. (an empty data file must be refused)
D:/pdf/pdf-w2b-fdf/tests/TestFillFormNoOp.cpp(267) : failure location
QDEBUG : TestFillFormNoOp::fdfWithoutFieldsArrayIsRefused() Added text field "known" on page 0
QDEBUG : TestFillFormNoOp::fdfWithoutFieldsArrayIsRefused() Importing form data from "D:/pdf/pdf-w2b-fdf/build-rel/test-tmp/TestFillFormNoOp/TestFillFormNoOp-pgpQsU/nofields.fdf" into "D:/pdf/pdf-w2b-fdf/build-rel/test-tmp/TestFillFormNoOp/TestFillFormNoOp-pgpQsU/form.pdf" saving to "D:/pdf/pdf-w2b-fdf/build-rel/test-tmp/TestFillFormNoOp/TestFillFormNoOp-pgpQsU/out.pdf"
QDEBUG : TestFillFormNoOp::fdfWithoutFieldsArrayIsRefused() Filling form data at: "D:/pdf/pdf-w2b-fdf/build-rel/test-tmp/TestFillFormNoOp/TestFillFormNoOp-pgpQsU/out.pdf"
FAIL!  : TestFillFormNoOp::fdfWithoutFieldsArrayIsRefused() '!fm.importFormData(pdf, data, out, nullptr, nullptr, &err)' returned FALSE. (an FDF without /Fields must be refused)
D:/pdf/pdf-w2b-fdf/tests/TestFillFormNoOp.cpp(297) : failure location
QDEBUG : TestFillFormNoOp::malformedCsvRecordIsRefusedNotHalfImported() Added text field "known" on page 0
QDEBUG : TestFillFormNoOp::malformedCsvRecordIsRefusedNotHalfImported() Importing form data from "D:/pdf/pdf-w2b-fdf/build-rel/test-tmp/TestFillFormNoOp/TestFillFormNoOp-IzrtUb/broken.csv" into "D:/pdf/pdf-w2b-fdf/build-rel/test-tmp/TestFillFormNoOp/TestFillFormNoOp-IzrtUb/form.pdf" saving to "D:/pdf/pdf-w2b-fdf/build-rel/test-tmp/TestFillFormNoOp/TestFillFormNoOp-IzrtUb/out.pdf"
QDEBUG : TestFillFormNoOp::malformedCsvRecordIsRefusedNotHalfImported() Filling form data at: "D:/pdf/pdf-w2b-fdf/build-rel/test-tmp/TestFillFormNoOp/TestFillFormNoOp-IzrtUb/out.pdf"
FAIL!  : TestFillFormNoOp::malformedCsvRecordIsRefusedNotHalfImported() '!fm.importFormData(pdf, data, out, &unsupported, nullptr, &err)' returned FALSE. (a CSV with a malformed record must be refused entirely, not half-imported)
D:/pdf/pdf-w2b-fdf/tests/TestFillFormNoOp.cpp(322) : failure location
QDEBUG : TestFillFormNoOp::csvEmbeddedDelimitersAndNewlineRoundTrip() Added text field "known" on page 0
QDEBUG : TestFillFormNoOp::csvEmbeddedDelimitersAndNewlineRoundTrip() Importing form data from "D:/pdf/pdf-w2b-fdf/build-rel/test-tmp/TestFillFormNoOp/TestFillFormNoOp-PbaNsm/tricky.csv" into "D:/pdf/pdf-w2b-fdf/build-rel/test-tmp/TestFillFormNoOp/TestFillFormNoOp-PbaNsm/form.pdf" saving to "D:/pdf/pdf-w2b-fdf/build-rel/test-tmp/TestFillFormNoOp/TestFillFormNoOp-PbaNsm/out.pdf"
QDEBUG : TestFillFormNoOp::csvEmbeddedDelimitersAndNewlineRoundTrip() Filling form data at: "D:/pdf/pdf-w2b-fdf/build-rel/test-tmp/TestFillFormNoOp/TestFillFormNoOp-PbaNsm/out.pdf"
QDEBUG : TestFillFormNoOp::csvEmbeddedDelimitersAndNewlineRoundTrip() Exporting form data from "D:/pdf/pdf-w2b-fdf/build-rel/test-tmp/TestFillFormNoOp/TestFillFormNoOp-PbaNsm/out.pdf" to "D:/pdf/pdf-w2b-fdf/build-rel/test-tmp/TestFillFormNoOp/TestFillFormNoOp-PbaNsm/back.csv" in format "csv"
FAIL!  : TestFillFormNoOp::csvEmbeddedDelimitersAndNewlineRoundTrip() Compared values are not the same
   Actual   (readNormalized(exported)): "FieldName,FieldValue\n\"known\",\"x,y \"\"q\"\"\"\n"
   Expected (expected)                : "FieldName,FieldValue\n\"known\",\"x,y \"\"q\"\" \nz\"\n"
D:/pdf/pdf-w2b-fdf/tests/TestFillFormNoOp.cpp(360) : failure location
QDEBUG : TestFillFormNoOp::fdfEmbeddedParensBackslashNewlineRoundTrip() Added text field "known" on page 0
QDEBUG : TestFillFormNoOp::fdfEmbeddedParensBackslashNewlineRoundTrip() Importing form data from "D:/pdf/pdf-w2b-fdf/build-rel/test-tmp/TestFillFormNoOp/TestFillFormNoOp-pZhtnU/parens.fdf" into "D:/pdf/pdf-w2b-fdf/build-rel/test-tmp/TestFillFormNoOp/TestFillFormNoOp-pZhtnU/form.pdf" saving to "D:/pdf/pdf-w2b-fdf/build-rel/test-tmp/TestFillFormNoOp/TestFillFormNoOp-pZhtnU/out.pdf"
QDEBUG : TestFillFormNoOp::fdfEmbeddedParensBackslashNewlineRoundTrip() Filling form data at: "D:/pdf/pdf-w2b-fdf/build-rel/test-tmp/TestFillFormNoOp/TestFillFormNoOp-pZhtnU/out.pdf"
QDEBUG : TestFillFormNoOp::fdfEmbeddedParensBackslashNewlineRoundTrip() Exporting form data from "D:/pdf/pdf-w2b-fdf/build-rel/test-tmp/TestFillFormNoOp/TestFillFormNoOp-pZhtnU/out.pdf" to "D:/pdf/pdf-w2b-fdf/build-rel/test-tmp/TestFillFormNoOp/TestFillFormNoOp-pZhtnU/back.csv" in format "csv"
FAIL!  : TestFillFormNoOp::fdfEmbeddedParensBackslashNewlineRoundTrip() Compared values are not the same
   Actual   (readNormalized(exported)): "FieldName,FieldValue\n\"known\",\"a(b)c\\\\d\\ne\"\n"
   Expected (expected)                : "FieldName,FieldValue\n\"known\",\"a(b)c\\d\ne\"\n"
D:/pdf/pdf-w2b-fdf/tests/TestFillFormNoOp.cpp(392) : failure location
QDEBUG : TestFillFormNoOp::validFdfRoundTrip() Added text field "known" on page 0
QDEBUG : TestFillFormNoOp::validFdfRoundTrip() Filling form data at: "D:/pdf/pdf-w2b-fdf/build-rel/test-tmp/TestFillFormNoOp/TestFillFormNoOp-UKqSzf/form.pdf"
QDEBUG : TestFillFormNoOp::validFdfRoundTrip() Exporting form data from "D:/pdf/pdf-w2b-fdf/build-rel/test-tmp/TestFillFormNoOp/TestFillFormNoOp-UKqSzf/form.pdf" to "D:/pdf/pdf-w2b-fdf/build-rel/test-tmp/TestFillFormNoOp/TestFillFormNoOp-UKqSzf/export.fdf" in format "fdf"
QDEBUG : TestFillFormNoOp::validFdfRoundTrip() Importing form data from "D:/pdf/pdf-w2b-fdf/build-rel/test-tmp/TestFillFormNoOp/TestFillFormNoOp-UKqSzf/export.fdf" into "D:/pdf/pdf-w2b-fdf/build-rel/test-tmp/TestFillFormNoOp/TestFillFormNoOp-UKqSzf/form.pdf" saving to "D:/pdf/pdf-w2b-fdf/build-rel/test-tmp/TestFillFormNoOp/TestFillFormNoOp-UKqSzf/out.pdf"
QDEBUG : TestFillFormNoOp::validFdfRoundTrip() Filling form data at: "D:/pdf/pdf-w2b-fdf/build-rel/test-tmp/TestFillFormNoOp/TestFillFormNoOp-UKqSzf/out.pdf"
QDEBUG : TestFillFormNoOp::validFdfRoundTrip() Exporting form data from "D:/pdf/pdf-w2b-fdf/build-rel/test-tmp/TestFillFormNoOp/TestFillFormNoOp-UKqSzf/out.pdf" to "D:/pdf/pdf-w2b-fdf/build-rel/test-tmp/TestFillFormNoOp/TestFillFormNoOp-UKqSzf/back.csv" in format "csv"
PASS   : TestFillFormNoOp::validFdfRoundTrip()
QDEBUG : TestFillFormNoOp::validCsvRoundTrip() Added text field "known" on page 0
QDEBUG : TestFillFormNoOp::validCsvRoundTrip() Filling form data at: "D:/pdf/pdf-w2b-fdf/build-rel/test-tmp/TestFillFormNoOp/TestFillFormNoOp-gRLHOr/form.pdf"
QDEBUG : TestFillFormNoOp::validCsvRoundTrip() Exporting form data from "D:/pdf/pdf-w2b-fdf/build-rel/test-tmp/TestFillFormNoOp/TestFillFormNoOp-gRLHOr/form.pdf" to "D:/pdf/pdf-w2b-fdf/build-rel/test-tmp/TestFillFormNoOp/TestFillFormNoOp-gRLHOr/export.csv" in format "csv"
QDEBUG : TestFillFormNoOp::validCsvRoundTrip() Importing form data from "D:/pdf/pdf-w2b-fdf/build-rel/test-tmp/TestFillFormNoOp/TestFillFormNoOp-gRLHOr/export.csv" into "D:/pdf/pdf-w2b-fdf/build-rel/test-tmp/TestFillFormNoOp/TestFillFormNoOp-gRLHOr/form.pdf" saving to "D:/pdf/pdf-w2b-fdf/build-rel/test-tmp/TestFillFormNoOp/TestFillFormNoOp-gRLHOr/out.pdf"
QDEBUG : TestFillFormNoOp::validCsvRoundTrip() Filling form data at: "D:/pdf/pdf-w2b-fdf/build-rel/test-tmp/TestFillFormNoOp/TestFillFormNoOp-gRLHOr/out.pdf"
QDEBUG : TestFillFormNoOp::validCsvRoundTrip() Exporting form data from "D:/pdf/pdf-w2b-fdf/build-rel/test-tmp/TestFillFormNoOp/TestFillFormNoOp-gRLHOr/out.pdf" to "D:/pdf/pdf-w2b-fdf/build-rel/test-tmp/TestFillFormNoOp/TestFillFormNoOp-gRLHOr/back.csv" in format "csv"
PASS   : TestFillFormNoOp::validCsvRoundTrip()
PASS   : TestFillFormNoOp::cleanupTestCase()
Totals: 6 passed, 10 failed, 0 skipped, 0 blacklisted, 368ms
********* Finished testing of TestFillFormNoOp *********


0% tests passed, 1 tests failed out of 1

Label Time Summary:
form-fields    =   0.46 sec*proc (1 test)
forms          =   0.46 sec*proc (1 test)
headless       =   0.46 sec*proc (1 test)
persistence    =   0.46 sec*proc (1 test)
qt             =   0.46 sec*proc (1 test)
unit           =   0.46 sec*proc (1 test)

Total Test time (real) =   0.47 sec

The following tests FAILED:
	106 - TestFillFormNoOp (Failed)                         form-fields forms headless persistence qt unit
Errors while running CTest
