-- AR-11 D4: LTO enabled (GLYPHPDF_ENABLE_LTO=ON)
-- AR-11 D4: strip found at C:/msys64/ucrt64/bin/strip.exe — Release EXE will be stripped
-- Qt6 plugins dir: C:/msys64/ucrt64/share/qt6/plugins
-- Using vendored podofo 1.1.0 from D:/pdf/pdf-7z26/third_party/podofo/install
-- Found Brotli (via pkg-config): C:/msys64/ucrt64/include (found version "1.2.0")
-- Found Libidn2 (via pkg-config): C:/msys64/ucrt64/include (found version "2.3.8")
-- Found Libpsl (via pkg-config): C:/msys64/ucrt64/include (found version "0.21.5")
-- Found Libssh2 (via pkg-config): C:/msys64/ucrt64/include (found version "1.11.1")
-- Found NGHTTP2 (via pkg-config): C:/msys64/ucrt64/include (found version "1.69.0")
-- Found NGHTTP3 (via pkg-config): C:/msys64/ucrt64/include (found version "1.15.0")
-- Found NGTCP2 (via pkg-config): C:/msys64/ucrt64/include (found version "")
-- Found Zstd (via pkg-config): C:/msys64/ucrt64/include (found version "1.5.7")
-- libsecret not found/disabled — Secret Service storage off (labelled encrypted-file fallback remains)
-- Found leptonica version: 1.87.0 in ``, ``
-- jbig2enc: ENABLED (Apache-2.0) — JBIG2 lossless foreground encoding active
-- OpenJPEG2 found (CMake config ) — MRC JPEG2000 encoding enabled
-- onnxruntime not found — RapidOCR PP-OCRv5 disabled
-- Staging OCR tessdata for tests from C:/msys64/ucrt64/share/tessdata
-- quickjs-ng version pin satisfied: 0.15.1 (enforced, R18c)
-- quickjs-ng found — form-JS Calculate/Format execution enabled (D:/pdf/msys64/ucrt64/bin/libqjs-0.dll)
-- 
-- ===== GlyphPDF 1.5.0 — Feature Summary (AR-11 D5) =====
--   HAS_PDFIUM    : TRUE   (rendering engine — PDF.js-speed rendering)
--   HAS_TESSERACT : TRUE  (primary OCR engine — Tesseract 5)
--   HAS_RAPIDOCR  : FALSE  (secondary OCR — PP-OCRv5 ROVER ensemble)
--   HAS_QPDF      : TRUE   (PDF linearisation)
--   HAS_QUICKJS   : TRUE  (form-JS Calculate/Format execution)
--   LTO           : ON
--   Release build : OFF
-- ===================================================================
-- 
CMake Error at CMakeLists.txt:879 (message):
  Vendored 7-Zip pin violated: third_party/7zip/bin/7z.exe hashes to
  6ee3c0ed0b27663c1b948ae85a7c0bb073aed1498983182f3f0df1f6a8c30b2f, the
  enforced pin is
  83967f1b02b43c4efeda302795722c809e0e81b8307de73558d10484d5676a7d.  The
  vendored bytes are part of the supply chain (PARITY scorecard §4 row 14)
  — upgrade deliberately: verify the new artifact against the official
  source, re-record SHA-256 + provenance in third_party/7zip/PROVENANCE.md,
  bump this pin, and re-run the encrypted-package suites.


-- Configuring incomplete, errors occurred!
