Test project D:/pdf/pdf-com/build-rel
    Start 66: TestComposeMode
1/1 Test #66: TestComposeMode ..................***Failed    1.68 sec
********* Start testing of TestComposeMode *********
Config: Using QtTest library 6.11.0, Qt 6.11.0 (x86_64-little_endian-llp64 shared (dynamic) release build; by GCC 16.1.0), windows 11
PASS   : TestComposeMode::initTestCase()
QWARN  : TestComposeMode::zzProbeExtract() probe hand-built: 0 err: "No document is open for editing."
QWARN  : TestComposeMode::zzProbeExtract() probe qpdfwriter: 0 err: "No document is open for editing."
PASS   : TestComposeMode::zzProbeExtract()
PASS   : TestComposeMode::composeIsRegisteredEndToEnd()
PASS   : TestComposeMode::twoDocumentOpen()
PASS   : TestComposeMode::insertionIndexSeamAndPickOrder()
FAIL!  : TestComposeMode::pagePickInsertOrderAndPosition() 'mode.applyTransfers(&why)' returned FALSE. (The transfer into ins_tgt.pdf was refused — the document is unchanged and the transfer stays pending.)
D:/pdf/pdf-com/tests/TestComposeMode.cpp(369) : failure location
FAIL!  : TestComposeMode::imageInventoryPickPlacementGeometryPin() 'mode.applyTransfers(&why)' returned FALSE. (The transfer into img_tgt.pdf was refused — the document is unchanged and the transfer stays pending.)
D:/pdf/pdf-com/tests/TestComposeMode.cpp(445) : failure location
QCRITICAL: TestComposeMode::transactionalSaveRefusalIsByteExact() PoDoFoBackend::saveDocument: "injected commit failure (test seam)" path: "D:/pdf/pdf-com/build-rel/test-tmp/TestComposeMode/glyphpdf-candidates/glyphpdf-uNfAUO.pdf"
FAIL!  : TestComposeMode::transactionalSaveRefusalIsByteExact() 'mode.applyTransfers(&why)' returned FALSE. (The transfer into tx_tgt.pdf was refused — the document is unchanged and the transfer stays pending.)
D:/pdf/pdf-com/tests/TestComposeMode.cpp(511) : failure location
FAIL!  : TestComposeMode::undoRedoSemantics() 'mode.applyTransfers(&why)' returned FALSE. (The transfer into undo_tgt.pdf was refused — the document is unchanged and the transfer stays pending.)
D:/pdf/pdf-com/tests/TestComposeMode.cpp(540) : failure location
PASS   : TestComposeMode::mismatchedSizeDisclosureIsHonest()
PASS   : TestComposeMode::a11yNamesCarryRoleAndPageNumbers()
PASS   : TestComposeMode::cleanupTestCase()
Totals: 8 passed, 4 failed, 0 skipped, 0 blacklisted, 1111ms
********* Finished testing of TestComposeMode *********


0% tests passed, 1 tests failed out of 1

Label Time Summary:
compose     =   1.68 sec*proc (1 test)
headless    =   1.68 sec*proc (1 test)
modes       =   1.68 sec*proc (1 test)
qt          =   1.68 sec*proc (1 test)
ui          =   1.68 sec*proc (1 test)
unit        =   1.68 sec*proc (1 test)

Total Test time (real) =   1.69 sec

The following tests FAILED:
	 66 - TestComposeMode (Failed)                          compose headless modes qt ui unit
Errors while running CTest
