********* Start testing of TestOcrPreprocessor *********
Config: Using QtTest library 6.11.0, Qt 6.11.0 (x86_64-little_endian-llp64 shared (dynamic) release build; by GCC 16.1.0), windows 11
PASS   : TestOcrPreprocessor::initTestCase()
PASS   : TestOcrPreprocessor::orientDetectDefaultsToOff()
PASS   : TestOcrPreprocessor::flagOffLeavesUprightPageUntouched()
PASS   : TestOcrPreprocessor::flagOffLeavesRotatedScanUntouched()
PASS   : TestOcrPreprocessor::uprightPageIsNotRotated()
PASS   : TestOcrPreprocessor::rotated90IsDetectedAndCorrected()
PASS   : TestOcrPreprocessor::rotated180IsDetectedAndCorrected()
PASS   : TestOcrPreprocessor::rotated270IsDetectedAndCorrected()
PASS   : TestOcrPreprocessor::nullImageIsHandled()
PASS   : TestOcrPreprocessor::tinyOneByOneImageIsHandled()
PASS   : TestOcrPreprocessor::binarizeAllWhiteStaysLight()
PASS   : TestOcrPreprocessor::binarizeAllBlackComesOutLightPerLeptonicaSemantics()
PASS   : TestOcrPreprocessor::binarizedDocumentKeepsDarkInkOnLightPaper()
PASS   : TestOcrPreprocessor::processDefaultsKeepDarkInkOnLightPaper()
PASS   : TestOcrPreprocessor::binarizeGrayscaleAndColoredInputsPreservePolarity()
PASS   : TestOcrPreprocessor::binarizePreservesDpiMetadata()
PASS   : TestOcrPreprocessor::denoisePreservesDimensionsAndDpiMetadata()
PASS   : TestOcrPreprocessor::binarizePreservesDimensionsResolutionAndPolarity()
PASS   : TestOcrPreprocessor::deskewCorrectsThreeDegreeTiltBothSigns()
PASS   : TestOcrPreprocessor::deskewBlankPageIsDocumentedNoOp()
PASS   : TestOcrPreprocessor::deskewTinyImageIsDocumentedNoOp()
PASS   : TestOcrPreprocessor::deskewInverseTransformMapsPointsBack()
PASS   : TestOcrPreprocessor::deskewComposesWithDpiNormalization()
PASS   : TestOcrPreprocessor::deskewWithOrientationComposesFullPipeline()
PASS   : TestOcrPreprocessor::cleanupTestCase()
Totals: 25 passed, 0 failed, 0 skipped, 0 blacklisted, 1200ms
********* Finished testing of TestOcrPreprocessor *********
