Test project D:/pdf/pdf-r4-ux/build-rel
    Start 100: TestStampImageImport
1/3 Test #100: TestStampImageImport .............   Passed    0.47 sec
    Start 149: TestRotateView
2/3 Test #149: TestRotateView ...................   Passed    0.31 sec
    Start 151: TestViewingModes
3/3 Test #151: TestViewingModes .................   Passed    0.73 sec

100% tests passed, 0 tests failed out of 3

Label Time Summary:
comments              =   0.47 sec*proc (1 test)
eyecare               =   0.73 sec*proc (1 test)
headless              =   1.51 sec*proc (3 tests)
nightmode             =   0.73 sec*proc (1 test)
qt                    =   1.51 sec*proc (3 tests)
regression            =   0.73 sec*proc (1 test)
rotation              =   0.31 sec*proc (1 test)
stamp-image-import    =   0.47 sec*proc (1 test)
stamps                =   0.47 sec*proc (1 test)
unit                  =   1.51 sec*proc (3 tests)
viewing               =   1.04 sec*proc (2 tests)

Total Test time (real) =   1.57 sec
