Test project D:/pdf/pdf-r4-ux/build-rel
    Start 100: TestStampImageImport
1/3 Test #100: TestStampImageImport .............   Passed    0.14 sec
    Start 149: TestRotateView
2/3 Test #149: TestRotateView ...................   Passed    0.14 sec
    Start 151: TestViewingModes
3/3 Test #151: TestViewingModes .................   Passed    0.48 sec

100% tests passed, 0 tests failed out of 3

Label Time Summary:
comments              =   0.14 sec*proc (1 test)
eyecare               =   0.48 sec*proc (1 test)
headless              =   0.76 sec*proc (3 tests)
nightmode             =   0.48 sec*proc (1 test)
qt                    =   0.76 sec*proc (3 tests)
regression            =   0.48 sec*proc (1 test)
rotation              =   0.14 sec*proc (1 test)
stamp-image-import    =   0.14 sec*proc (1 test)
stamps                =   0.14 sec*proc (1 test)
unit                  =   0.76 sec*proc (3 tests)
viewing               =   0.62 sec*proc (2 tests)

Total Test time (real) =   0.77 sec
