Test project D:/pdf/pdf-f-code/build-rel
    Start  65: TestPageLabels
1/3 Test  #65: TestPageLabels ...................***Failed    0.44 sec
********* Start testing of TestPageLabels *********
Config: Using QtTest library 6.11.0, Qt 6.11.0 (x86_64-little_endian-llp64 shared (dynamic) release build; by GCC 16.1.0), windows 11
PASS   : TestPageLabels::initTestCase()
PASS   : TestPageLabels::styleNameMapping()
PASS   : TestPageLabels::labelsFor_decimal()
PASS   : TestPageLabels::labelsFor_uppercaseRoman()
PASS   : TestPageLabels::labelsFor_lowercaseRoman()
PASS   : TestPageLabels::labelsFor_letters()
PASS   : TestPageLabels::labelsFor_invalidArgs()
PASS   : TestPageLabels::labelsFor_romanBeyond3999()
PASS   : TestPageLabels::numberTreeEntries_singleRange()
PASS   : TestPageLabels::numberTreeEntries_invalidArgs()
PASS   : TestPageLabels::writeNumberTree_decimal_readback()
PASS   : TestPageLabels::writeNumberTree_roman_readback()
PASS   : TestPageLabels::writeNumberTree_replacesExistingTree()
PASS   : TestPageLabels::writeNumberTree_startValueOffset()
PASS   : TestPageLabels::writeNumberTree_invalidArgs()
PASS   : TestPageLabels::writeNumberTree_prefix_readback()
PASS   : TestPageLabels::writeNumberTree_emptyPrefixNotWritten()
PASS   : TestPageLabels::writeNumberTree_prefixStyleComposition()
FAIL!  : TestPageLabels::writeNumberTree_prefixNonAsciiIsUtf16BETextString() 'rawBytes.size() >= 2 && static_cast<unsigned char>(rawBytes.at(0)) == 0xFE && static_cast<unsigned char>(rawBytes.at(1)) == 0xFF' returned FALSE. (a non-ASCII /P must be stored as the UTF-16BE+BOM text string, not raw UTF-8 bytes)
D:/pdf/pdf-f-code/tests/TestPageLabels.cpp(561) : failure location
PASS   : TestPageLabels::writeNumberTreePrefixSafeSaveRoundTrip()
PASS   : TestPageLabels::writeNumberTreeContentBearingFileSurvivesAndCarriesTree()
QWARN  : TestPageLabels::writeNumberTreeFailingCommitLeavesFileByteIdentical() PageLabels::writeNumberTree: commit to D:/pdf/pdf-f-code/build-rel/test-tmp/TestPageLabels/TestPageLabels-fSNwfq/g13_fault.pdf failed: injected commit failure (test seam)
PASS   : TestPageLabels::writeNumberTreeFailingCommitLeavesFileByteIdentical()
PASS   : TestPageLabels::writeNumberTreePagesModeCandidateFlowEndToEnd()
PASS   : TestPageLabels::cleanupTestCase()
Totals: 23 passed, 1 failed, 0 skipped, 0 blacklisted, 214ms
********* Finished testing of TestPageLabels *********

    Start  69: TestHotFolder
2/3 Test  #69: TestHotFolder ....................***Failed   14.11 sec
********* Start testing of TestHotFolder *********
Config: Using QtTest library 6.11.0, Qt 6.11.0 (x86_64-little_endian-llp64 shared (dynamic) release build; by GCC 16.1.0), windows 11
PASS   : TestHotFolder::initTestCase()
PASS   : TestHotFolder::unarmedIngestIsNoop()
PASS   : TestHotFolder::seededFilesAreNotIngested()
PASS   : TestHotFolder::newDropIngestedOnceThenDeduped()
PASS   : TestHotFolder::multipleDropsIngestedInOnePass()
PASS   : TestHotFolder::modifiedSameNameReingestsButModelDedupes()
PASS   : TestHotFolder::uppercaseExtensionIngested()
PASS   : TestHotFolder::nonPdfDropIgnored()
PASS   : TestHotFolder::subdirectoryPdfIsIngestedRecursive()
PASS   : TestHotFolder::missingWatchDirIsSilentNoop()
PASS   : TestHotFolder::armForcesAutoRunOn()
PASS   : TestHotFolder::controllerWatchWiringAndDebounce()
PASS   : TestHotFolder::controllerDebounceCoalesces()
PASS   : TestHotFolder::controllerFlatDropEndToEnd()
PASS   : TestHotFolder::controllerStopClearsState()
PASS   : TestHotFolder::controllerWatchesSubdirectories()
PASS   : TestHotFolder::controllerDiscoversSubdirCreatedAfterStart()
PASS   : TestHotFolder::recursiveWatchIngestsNestedDropEndToEnd()
PASS   : TestHotFolder::pollingFallbackDiscoversNestedDrop()
PASS   : TestHotFolder::pollingDedupsAndFlatDrops()
PASS   : TestHotFolder::sameStemInDifferentSubdirsBothIngest()
FAIL!  : TestHotFolder::pollingRewriteForgedMtimeDifferentSizeReingests() '!ingested.isEmpty()' returned FALSE. (mtime-preserved size-changing rewrite never re-ingested (F-5))
D:/pdf/pdf-f-code/tests/TestHotFolder.cpp(643) : failure location
FAIL!  : TestHotFolder::controllerBulkFileEventsDoNotWalkPerEvent() 'c.watchWalkCountForTest() == walksAtStart' returned FALSE. (directory-changed walked the whole tree synchronously per event (F-7))
D:/pdf/pdf-f-code/tests/TestHotFolder.cpp(672) : failure location
PASS   : TestHotFolder::batchModePollingOptionWiring()
PASS   : TestHotFolder::cleanupTestCase()
Totals: 23 passed, 2 failed, 0 skipped, 0 blacklisted, 13791ms
********* Finished testing of TestHotFolder *********

    Start 113: TestFillFormNoOp
3/3 Test #113: TestFillFormNoOp .................***Failed    0.49 sec
********* Start testing of TestFillFormNoOp *********
Config: Using QtTest library 6.11.0, Qt 6.11.0 (x86_64-little_endian-llp64 shared (dynamic) release build; by GCC 16.1.0), windows 11
PASS   : TestFillFormNoOp::initTestCase()
QDEBUG : TestFillFormNoOp::unknownFieldNameIsReported() Added text field "known" on page 0
QDEBUG : TestFillFormNoOp::unknownFieldNameIsReported() Filling form data at: "D:/pdf/pdf-f-code/build-rel/test-tmp/TestFillFormNoOp/TestFillFormNoOp-EpyxOy/noop.pdf"
PASS   : TestFillFormNoOp::unknownFieldNameIsReported()
QDEBUG : TestFillFormNoOp::truncatedFdfIsRefused() Added text field "known" on page 0
QDEBUG : TestFillFormNoOp::truncatedFdfIsRefused() Importing form data from "D:/pdf/pdf-f-code/build-rel/test-tmp/TestFillFormNoOp/TestFillFormNoOp-zaZfgv/cut.fdf" into "D:/pdf/pdf-f-code/build-rel/test-tmp/TestFillFormNoOp/TestFillFormNoOp-zaZfgv/form.pdf" saving to "D:/pdf/pdf-f-code/build-rel/test-tmp/TestFillFormNoOp/TestFillFormNoOp-zaZfgv/out.pdf"
QWARN  : TestFillFormNoOp::truncatedFdfIsRefused() Form data import refused: "The FDF file is malformed and was not imported." | "literal string still open at end of file (truncated input)"
PASS   : TestFillFormNoOp::truncatedFdfIsRefused()
QDEBUG : TestFillFormNoOp::unterminatedFdfStringIsRefused() Added text field "known" on page 0
QDEBUG : TestFillFormNoOp::unterminatedFdfStringIsRefused() Importing form data from "D:/pdf/pdf-f-code/build-rel/test-tmp/TestFillFormNoOp/TestFillFormNoOp-BpUdbH/unterm.fdf" into "D:/pdf/pdf-f-code/build-rel/test-tmp/TestFillFormNoOp/TestFillFormNoOp-BpUdbH/form.pdf" saving to "D:/pdf/pdf-f-code/build-rel/test-tmp/TestFillFormNoOp/TestFillFormNoOp-BpUdbH/out.pdf"
QWARN  : TestFillFormNoOp::unterminatedFdfStringIsRefused() Form data import refused: "The FDF file is malformed and was not imported." | "literal string still open at end of file (truncated input)"
PASS   : TestFillFormNoOp::unterminatedFdfStringIsRefused()
QDEBUG : TestFillFormNoOp::overLargeFieldCountIsRefused() Added text field "known" on page 0
QDEBUG : TestFillFormNoOp::overLargeFieldCountIsRefused() Importing form data from "D:/pdf/pdf-f-code/build-rel/test-tmp/TestFillFormNoOp/TestFillFormNoOp-UkIxGi/many.fdf" into "D:/pdf/pdf-f-code/build-rel/test-tmp/TestFillFormNoOp/TestFillFormNoOp-UkIxGi/form.pdf" saving to "D:/pdf/pdf-f-code/build-rel/test-tmp/TestFillFormNoOp/TestFillFormNoOp-UkIxGi/out.pdf"
QWARN  : TestFillFormNoOp::overLargeFieldCountIsRefused() Form data import refused: "The FDF file exceeds the import field-count cap (10000) and was not imported." | "field 10001 over cap 10000"
PASS   : TestFillFormNoOp::overLargeFieldCountIsRefused()
QDEBUG : TestFillFormNoOp::overLargeValueIsRefused() Added text field "known" on page 0
QDEBUG : TestFillFormNoOp::overLargeValueIsRefused() Importing form data from "D:/pdf/pdf-f-code/build-rel/test-tmp/TestFillFormNoOp/TestFillFormNoOp-AUAKAv/big.fdf" into "D:/pdf/pdf-f-code/build-rel/test-tmp/TestFillFormNoOp/TestFillFormNoOp-AUAKAv/form.pdf" saving to "D:/pdf/pdf-f-code/build-rel/test-tmp/TestFillFormNoOp/TestFillFormNoOp-AUAKAv/out.pdf"
QWARN  : TestFillFormNoOp::overLargeValueIsRefused() Form data import refused: "The FDF file is malformed and was not imported." | "literal string exceeds the 1 MiB per-string import cap"
PASS   : TestFillFormNoOp::overLargeValueIsRefused()
QDEBUG : TestFillFormNoOp::oversizedInputFileIsRefused() Added text field "known" on page 0
QDEBUG : TestFillFormNoOp::oversizedInputFileIsRefused() Importing form data from "D:/pdf/pdf-f-code/build-rel/test-tmp/TestFillFormNoOp/TestFillFormNoOp-sQiMqX/huge.fdf" into "D:/pdf/pdf-f-code/build-rel/test-tmp/TestFillFormNoOp/TestFillFormNoOp-sQiMqX/form.pdf" saving to "D:/pdf/pdf-f-code/build-rel/test-tmp/TestFillFormNoOp/TestFillFormNoOp-sQiMqX/out.pdf"
QWARN  : TestFillFormNoOp::oversizedInputFileIsRefused() Form data import refused: "The form data file is too large to import (limit is 16 MB) and was not imported." | "D:/pdf/pdf-f-code/build-rel/test-tmp/TestFillFormNoOp/TestFillFormNoOp-sQiMqX/huge.fdf: 16777226 bytes > 16777216 byte cap"
PASS   : TestFillFormNoOp::oversizedInputFileIsRefused()
QDEBUG : TestFillFormNoOp::nonUtf8BytesAreRefused() Added text field "known" on page 0
QDEBUG : TestFillFormNoOp::nonUtf8BytesAreRefused() Importing form data from "D:/pdf/pdf-f-code/build-rel/test-tmp/TestFillFormNoOp/TestFillFormNoOp-tvhtLv/latin1.fdf" into "D:/pdf/pdf-f-code/build-rel/test-tmp/TestFillFormNoOp/TestFillFormNoOp-tvhtLv/form.pdf" saving to "D:/pdf/pdf-f-code/build-rel/test-tmp/TestFillFormNoOp/TestFillFormNoOp-tvhtLv/out.pdf"
QWARN  : TestFillFormNoOp::nonUtf8BytesAreRefused() Form data import refused: "The form data file is not valid UTF-8 text and was not imported." | "D:/pdf/pdf-f-code/build-rel/test-tmp/TestFillFormNoOp/TestFillFormNoOp-tvhtLv/latin1.fdf: invalid UTF-8 byte sequence"
PASS   : TestFillFormNoOp::nonUtf8BytesAreRefused()
QDEBUG : TestFillFormNoOp::emptyAndWhitespaceOnlyInputIsRefused() Added text field "known" on page 0
QDEBUG : TestFillFormNoOp::emptyAndWhitespaceOnlyInputIsRefused() Importing form data from "D:/pdf/pdf-f-code/build-rel/test-tmp/TestFillFormNoOp/TestFillFormNoOp-nqBxhY/empty.csv" into "D:/pdf/pdf-f-code/build-rel/test-tmp/TestFillFormNoOp/TestFillFormNoOp-nqBxhY/form.pdf" saving to "D:/pdf/pdf-f-code/build-rel/test-tmp/TestFillFormNoOp/TestFillFormNoOp-nqBxhY/out.pdf"
QWARN  : TestFillFormNoOp::emptyAndWhitespaceOnlyInputIsRefused() Form data import refused: "The form data file contains no form data and nothing was imported." | "no records parsed (empty or whitespace-only input)"
QDEBUG : TestFillFormNoOp::emptyAndWhitespaceOnlyInputIsRefused() Importing form data from "D:/pdf/pdf-f-code/build-rel/test-tmp/TestFillFormNoOp/TestFillFormNoOp-nqBxhY/blank.csv" into "D:/pdf/pdf-f-code/build-rel/test-tmp/TestFillFormNoOp/TestFillFormNoOp-nqBxhY/form.pdf" saving to "D:/pdf/pdf-f-code/build-rel/test-tmp/TestFillFormNoOp/TestFillFormNoOp-nqBxhY/out.pdf"
QWARN  : TestFillFormNoOp::emptyAndWhitespaceOnlyInputIsRefused() Form data import refused: "The CSV file is missing the required \"FieldName,FieldValue\" header row and was not imported." | "first row: \" \",\"\""
QDEBUG : TestFillFormNoOp::emptyAndWhitespaceOnlyInputIsRefused() Importing form data from "D:/pdf/pdf-f-code/build-rel/test-tmp/TestFillFormNoOp/TestFillFormNoOp-nqBxhY/header.csv" into "D:/pdf/pdf-f-code/build-rel/test-tmp/TestFillFormNoOp/TestFillFormNoOp-nqBxhY/form.pdf" saving to "D:/pdf/pdf-f-code/build-rel/test-tmp/TestFillFormNoOp/TestFillFormNoOp-nqBxhY/out.pdf"
QWARN  : TestFillFormNoOp::emptyAndWhitespaceOnlyInputIsRefused() Form data import refused: "The form data file contains no form data and nothing was imported." | "header present but no data rows followed it"
PASS   : TestFillFormNoOp::emptyAndWhitespaceOnlyInputIsRefused()
QDEBUG : TestFillFormNoOp::fdfWithoutFieldsArrayIsRefused() Added text field "known" on page 0
QDEBUG : TestFillFormNoOp::fdfWithoutFieldsArrayIsRefused() Importing form data from "D:/pdf/pdf-f-code/build-rel/test-tmp/TestFillFormNoOp/TestFillFormNoOp-CttNOv/nofields.fdf" into "D:/pdf/pdf-f-code/build-rel/test-tmp/TestFillFormNoOp/TestFillFormNoOp-CttNOv/form.pdf" saving to "D:/pdf/pdf-f-code/build-rel/test-tmp/TestFillFormNoOp/TestFillFormNoOp-CttNOv/out.pdf"
QWARN  : TestFillFormNoOp::fdfWithoutFieldsArrayIsRefused() Form data import refused: "The FDF file contains no /Fields array and was not imported." | "no /Fields [...] structure found after the %FDF header"
PASS   : TestFillFormNoOp::fdfWithoutFieldsArrayIsRefused()
QDEBUG : TestFillFormNoOp::malformedCsvRecordIsRefusedNotHalfImported() Added text field "known" on page 0
QDEBUG : TestFillFormNoOp::malformedCsvRecordIsRefusedNotHalfImported() Importing form data from "D:/pdf/pdf-f-code/build-rel/test-tmp/TestFillFormNoOp/TestFillFormNoOp-aAUSpl/broken.csv" into "D:/pdf/pdf-f-code/build-rel/test-tmp/TestFillFormNoOp/TestFillFormNoOp-aAUSpl/form.pdf" saving to "D:/pdf/pdf-f-code/build-rel/test-tmp/TestFillFormNoOp/TestFillFormNoOp-aAUSpl/out.pdf"
QWARN  : TestFillFormNoOp::malformedCsvRecordIsRefusedNotHalfImported() Form data import refused: "The CSV file is malformed at row 3 and was not imported (no partial import was performed)." | "row 3: expected 2 columns, found 1"
PASS   : TestFillFormNoOp::malformedCsvRecordIsRefusedNotHalfImported()
QDEBUG : TestFillFormNoOp::csvEmbeddedDelimitersAndNewlineRoundTrip() Added text field "known" on page 0
QDEBUG : TestFillFormNoOp::csvEmbeddedDelimitersAndNewlineRoundTrip() Importing form data from "D:/pdf/pdf-f-code/build-rel/test-tmp/TestFillFormNoOp/TestFillFormNoOp-jsNEiI/tricky.csv" into "D:/pdf/pdf-f-code/build-rel/test-tmp/TestFillFormNoOp/TestFillFormNoOp-jsNEiI/form.pdf" saving to "D:/pdf/pdf-f-code/build-rel/test-tmp/TestFillFormNoOp/TestFillFormNoOp-jsNEiI/out.pdf"
QDEBUG : TestFillFormNoOp::csvEmbeddedDelimitersAndNewlineRoundTrip() Filling form data at: "D:/pdf/pdf-f-code/build-rel/test-tmp/TestFillFormNoOp/TestFillFormNoOp-jsNEiI/out.pdf"
QDEBUG : TestFillFormNoOp::csvEmbeddedDelimitersAndNewlineRoundTrip() Exporting form data from "D:/pdf/pdf-f-code/build-rel/test-tmp/TestFillFormNoOp/TestFillFormNoOp-jsNEiI/out.pdf" to "D:/pdf/pdf-f-code/build-rel/test-tmp/TestFillFormNoOp/TestFillFormNoOp-jsNEiI/back.csv" in format "csv"
PASS   : TestFillFormNoOp::csvEmbeddedDelimitersAndNewlineRoundTrip()
QDEBUG : TestFillFormNoOp::fdfEmbeddedParensBackslashNewlineRoundTrip() Added text field "known" on page 0
QDEBUG : TestFillFormNoOp::fdfEmbeddedParensBackslashNewlineRoundTrip() Importing form data from "D:/pdf/pdf-f-code/build-rel/test-tmp/TestFillFormNoOp/TestFillFormNoOp-JsVZpu/parens.fdf" into "D:/pdf/pdf-f-code/build-rel/test-tmp/TestFillFormNoOp/TestFillFormNoOp-JsVZpu/form.pdf" saving to "D:/pdf/pdf-f-code/build-rel/test-tmp/TestFillFormNoOp/TestFillFormNoOp-JsVZpu/out.pdf"
QDEBUG : TestFillFormNoOp::fdfEmbeddedParensBackslashNewlineRoundTrip() Filling form data at: "D:/pdf/pdf-f-code/build-rel/test-tmp/TestFillFormNoOp/TestFillFormNoOp-JsVZpu/out.pdf"
QDEBUG : TestFillFormNoOp::fdfEmbeddedParensBackslashNewlineRoundTrip() Exporting form data from "D:/pdf/pdf-f-code/build-rel/test-tmp/TestFillFormNoOp/TestFillFormNoOp-JsVZpu/out.pdf" to "D:/pdf/pdf-f-code/build-rel/test-tmp/TestFillFormNoOp/TestFillFormNoOp-JsVZpu/back.csv" in format "csv"
PASS   : TestFillFormNoOp::fdfEmbeddedParensBackslashNewlineRoundTrip()
QDEBUG : TestFillFormNoOp::validFdfRoundTrip() Added text field "known" on page 0
QDEBUG : TestFillFormNoOp::validFdfRoundTrip() Filling form data at: "D:/pdf/pdf-f-code/build-rel/test-tmp/TestFillFormNoOp/TestFillFormNoOp-qZvDYT/form.pdf"
QDEBUG : TestFillFormNoOp::validFdfRoundTrip() Exporting form data from "D:/pdf/pdf-f-code/build-rel/test-tmp/TestFillFormNoOp/TestFillFormNoOp-qZvDYT/form.pdf" to "D:/pdf/pdf-f-code/build-rel/test-tmp/TestFillFormNoOp/TestFillFormNoOp-qZvDYT/export.fdf" in format "fdf"
QDEBUG : TestFillFormNoOp::validFdfRoundTrip() Importing form data from "D:/pdf/pdf-f-code/build-rel/test-tmp/TestFillFormNoOp/TestFillFormNoOp-qZvDYT/export.fdf" into "D:/pdf/pdf-f-code/build-rel/test-tmp/TestFillFormNoOp/TestFillFormNoOp-qZvDYT/form.pdf" saving to "D:/pdf/pdf-f-code/build-rel/test-tmp/TestFillFormNoOp/TestFillFormNoOp-qZvDYT/out.pdf"
QDEBUG : TestFillFormNoOp::validFdfRoundTrip() Filling form data at: "D:/pdf/pdf-f-code/build-rel/test-tmp/TestFillFormNoOp/TestFillFormNoOp-qZvDYT/out.pdf"
QDEBUG : TestFillFormNoOp::validFdfRoundTrip() Exporting form data from "D:/pdf/pdf-f-code/build-rel/test-tmp/TestFillFormNoOp/TestFillFormNoOp-qZvDYT/out.pdf" to "D:/pdf/pdf-f-code/build-rel/test-tmp/TestFillFormNoOp/TestFillFormNoOp-qZvDYT/back.csv" in format "csv"
PASS   : TestFillFormNoOp::validFdfRoundTrip()
QDEBUG : TestFillFormNoOp::validCsvRoundTrip() Added text field "known" on page 0
QDEBUG : TestFillFormNoOp::validCsvRoundTrip() Filling form data at: "D:/pdf/pdf-f-code/build-rel/test-tmp/TestFillFormNoOp/TestFillFormNoOp-ndtGfL/form.pdf"
QDEBUG : TestFillFormNoOp::validCsvRoundTrip() Exporting form data from "D:/pdf/pdf-f-code/build-rel/test-tmp/TestFillFormNoOp/TestFillFormNoOp-ndtGfL/form.pdf" to "D:/pdf/pdf-f-code/build-rel/test-tmp/TestFillFormNoOp/TestFillFormNoOp-ndtGfL/export.csv" in format "csv"
QDEBUG : TestFillFormNoOp::validCsvRoundTrip() Importing form data from "D:/pdf/pdf-f-code/build-rel/test-tmp/TestFillFormNoOp/TestFillFormNoOp-ndtGfL/export.csv" into "D:/pdf/pdf-f-code/build-rel/test-tmp/TestFillFormNoOp/TestFillFormNoOp-ndtGfL/form.pdf" saving to "D:/pdf/pdf-f-code/build-rel/test-tmp/TestFillFormNoOp/TestFillFormNoOp-ndtGfL/out.pdf"
QDEBUG : TestFillFormNoOp::validCsvRoundTrip() Filling form data at: "D:/pdf/pdf-f-code/build-rel/test-tmp/TestFillFormNoOp/TestFillFormNoOp-ndtGfL/out.pdf"
QDEBUG : TestFillFormNoOp::validCsvRoundTrip() Exporting form data from "D:/pdf/pdf-f-code/build-rel/test-tmp/TestFillFormNoOp/TestFillFormNoOp-ndtGfL/out.pdf" to "D:/pdf/pdf-f-code/build-rel/test-tmp/TestFillFormNoOp/TestFillFormNoOp-ndtGfL/back.csv" in format "csv"
PASS   : TestFillFormNoOp::validCsvRoundTrip()
QDEBUG : TestFillFormNoOp::utf16beHexValueRoundTrips() Added text field "known" on page 0
QDEBUG : TestFillFormNoOp::utf16beHexValueRoundTrips() Importing form data from "D:/pdf/pdf-f-code/build-rel/test-tmp/TestFillFormNoOp/TestFillFormNoOp-COiYWS/acrobat.fdf" into "D:/pdf/pdf-f-code/build-rel/test-tmp/TestFillFormNoOp/TestFillFormNoOp-COiYWS/form.pdf" saving to "D:/pdf/pdf-f-code/build-rel/test-tmp/TestFillFormNoOp/TestFillFormNoOp-COiYWS/out.pdf"
QWARN  : TestFillFormNoOp::utf16beHexValueRoundTrips() Form data import refused: "The form data file is not valid UTF-8 text and was not imported." | "FDF hex string value: invalid UTF-8 byte sequence"
FAIL!  : TestFillFormNoOp::utf16beHexValueRoundTrips() 'fm.importFormData(pdf, data, out, &unsupported, nullptr, &err)' returned FALSE. (a ง7.9.2.2 UTF-16BE hex /V must import (refused: The form data file is not valid UTF-8 text and was not imported.))
D:/pdf/pdf-f-code/tests/TestFillFormNoOp.cpp(477) : failure location
QDEBUG : TestFillFormNoOp::utf16beBomlessHexValueRoundTrips() Added text field "known" on page 0
QDEBUG : TestFillFormNoOp::utf16beBomlessHexValueRoundTrips() Importing form data from "D:/pdf/pdf-f-code/build-rel/test-tmp/TestFillFormNoOp/TestFillFormNoOp-hArDvt/bomless.fdf" into "D:/pdf/pdf-f-code/build-rel/test-tmp/TestFillFormNoOp/TestFillFormNoOp-hArDvt/form.pdf" saving to "D:/pdf/pdf-f-code/build-rel/test-tmp/TestFillFormNoOp/TestFillFormNoOp-hArDvt/out.pdf"
QDEBUG : TestFillFormNoOp::utf16beBomlessHexValueRoundTrips() Filling form data at: "D:/pdf/pdf-f-code/build-rel/test-tmp/TestFillFormNoOp/TestFillFormNoOp-hArDvt/out.pdf"
QDEBUG : TestFillFormNoOp::utf16beBomlessHexValueRoundTrips() Exporting form data from "D:/pdf/pdf-f-code/build-rel/test-tmp/TestFillFormNoOp/TestFillFormNoOp-hArDvt/out.pdf" to "D:/pdf/pdf-f-code/build-rel/test-tmp/TestFillFormNoOp/TestFillFormNoOp-hArDvt/back.csv" in format "csv"
FAIL!  : TestFillFormNoOp::utf16beBomlessHexValueRoundTrips() Compared values are not the same
   Actual   (readNormalized(back))                                  : "FieldName,FieldValue\n\"known\",\"\x00H\x00i\"\n"
   Expected (QByteArray("FieldName,FieldValue\n\"known\",\"Hi\"\n")): "FieldName,FieldValue\n\"known\",\"Hi\"\n"
D:/pdf/pdf-f-code/tests/TestFillFormNoOp.cpp(511) : failure location
QDEBUG : TestFillFormNoOp::utf16beBomLiteralValueRoundTrips() Added text field "known" on page 0
QDEBUG : TestFillFormNoOp::utf16beBomLiteralValueRoundTrips() Importing form data from "D:/pdf/pdf-f-code/build-rel/test-tmp/TestFillFormNoOp/TestFillFormNoOp-MoOJTI/bom-literal.fdf" into "D:/pdf/pdf-f-code/build-rel/test-tmp/TestFillFormNoOp/TestFillFormNoOp-MoOJTI/form.pdf" saving to "D:/pdf/pdf-f-code/build-rel/test-tmp/TestFillFormNoOp/TestFillFormNoOp-MoOJTI/out.pdf"
QWARN  : TestFillFormNoOp::utf16beBomLiteralValueRoundTrips() Form data import refused: "The form data file is not valid UTF-8 text and was not imported." | "FDF string value: invalid UTF-8 byte sequence"
FAIL!  : TestFillFormNoOp::utf16beBomLiteralValueRoundTrips() 'fm.importFormData(pdf, data, out, &unsupported, nullptr, &err)' returned FALSE. (a \376\377-BOM'd UTF-16BE literal /V must import per ยง7.9.2.2)
D:/pdf/pdf-f-code/tests/TestFillFormNoOp.cpp(531) : failure location
QDEBUG : TestFillFormNoOp::invalidUtf8HexValueStillRefused() Added text field "known" on page 0
QDEBUG : TestFillFormNoOp::invalidUtf8HexValueStillRefused() Importing form data from "D:/pdf/pdf-f-code/build-rel/test-tmp/TestFillFormNoOp/TestFillFormNoOp-upqeMx/broken-hex.fdf" into "D:/pdf/pdf-f-code/build-rel/test-tmp/TestFillFormNoOp/TestFillFormNoOp-upqeMx/form.pdf" saving to "D:/pdf/pdf-f-code/build-rel/test-tmp/TestFillFormNoOp/TestFillFormNoOp-upqeMx/out.pdf"
QWARN  : TestFillFormNoOp::invalidUtf8HexValueStillRefused() Form data import refused: "The form data file is not valid UTF-8 text and was not imported." | "FDF hex string value: invalid UTF-8 byte sequence"
PASS   : TestFillFormNoOp::invalidUtf8HexValueStillRefused()
PASS   : TestFillFormNoOp::cleanupTestCase()
Totals: 17 passed, 3 failed, 0 skipped, 0 blacklisted, 364ms
********* Finished testing of TestFillFormNoOp *********


0% tests passed, 3 tests failed out of 3

Label Time Summary:
batch          =  14.11 sec*proc (1 test)
core           =   0.44 sec*proc (1 test)
form-fields    =   0.49 sec*proc (1 test)
forms          =   0.49 sec*proc (1 test)
headless       =  15.03 sec*proc (3 tests)
hotfolder      =  14.11 sec*proc (1 test)
modes          =  14.11 sec*proc (1 test)
pagelabels     =   0.44 sec*proc (1 test)
pages          =   0.44 sec*proc (1 test)
persistence    =   0.49 sec*proc (1 test)
qt             =  15.03 sec*proc (3 tests)
ui             =  14.11 sec*proc (1 test)
unit           =  15.03 sec*proc (3 tests)

Total Test time (real) =  15.04 sec

The following tests FAILED:
	 65 - TestPageLabels (Failed)                           core headless pagelabels pages qt unit
	 69 - TestHotFolder (Failed)                            batch headless hotfolder modes qt ui unit
	113 - TestFillFormNoOp (Failed)                         form-fields forms headless persistence qt unit
Errors while running CTest
