Test project D:/pdf/pdf-f-code/build-rel
    Start  65: TestPageLabels
1/3 Test  #65: TestPageLabels ...................   Passed    0.24 sec
    Start  69: TestHotFolder
2/3 Test  #69: TestHotFolder ....................   Passed    9.21 sec
    Start 113: TestFillFormNoOp
3/3 Test #113: TestFillFormNoOp .................   Passed    0.33 sec

100% tests passed, 0 tests failed out of 3

Label Time Summary:
batch          =   9.21 sec*proc (1 test)
core           =   0.24 sec*proc (1 test)
form-fields    =   0.33 sec*proc (1 test)
forms          =   0.33 sec*proc (1 test)
headless       =   9.78 sec*proc (3 tests)
hotfolder      =   9.21 sec*proc (1 test)
modes          =   9.21 sec*proc (1 test)
pagelabels     =   0.24 sec*proc (1 test)
pages          =   0.24 sec*proc (1 test)
persistence    =   0.33 sec*proc (1 test)
qt             =   9.78 sec*proc (3 tests)
ui             =   9.21 sec*proc (1 test)
unit           =   9.78 sec*proc (3 tests)

Total Test time (real) =   9.78 sec
