Test project D:/pdf/pdf-f-code/build-rel
    Start  65: TestPageLabels
1/3 Test  #65: TestPageLabels ...................   Passed    0.28 sec
    Start  69: TestHotFolder
2/3 Test  #69: TestHotFolder ....................   Passed    9.31 sec
    Start 113: TestFillFormNoOp
3/3 Test #113: TestFillFormNoOp .................   Passed    0.51 sec

100% tests passed, 0 tests failed out of 3

Label Time Summary:
batch          =   9.31 sec*proc (1 test)
core           =   0.28 sec*proc (1 test)
form-fields    =   0.51 sec*proc (1 test)
forms          =   0.51 sec*proc (1 test)
headless       =  10.10 sec*proc (3 tests)
hotfolder      =   9.31 sec*proc (1 test)
modes          =   9.31 sec*proc (1 test)
pagelabels     =   0.28 sec*proc (1 test)
pages          =   0.28 sec*proc (1 test)
persistence    =   0.51 sec*proc (1 test)
qt             =  10.10 sec*proc (3 tests)
ui             =   9.31 sec*proc (1 test)
unit           =  10.10 sec*proc (3 tests)

Total Test time (real) =  10.11 sec
